13:25:43 INFO Config: ExperimentConfig(scenarios=['single', 'multi'], budgets=[1.0, 20.0], n_runs=30, n_particles=500, exploration_c=1.0, max_depth=60, gamma=0.99, max_steps=200, rollout_epsilon=0.2, obs_mode='egocentric', base_seed=0, jobs=4)
13:25:43 INFO Running scenario=single budget=1s (30 runs)...
13:25:48 INFO   [single | 1s] run 1/30 — steps=5 solved=True (5s)
13:25:53 INFO   [single | 1s] run 2/30 — steps=10 solved=True (10s)
13:25:53 INFO   [single | 1s] run 3/30 — steps=6 solved=True (6s)
13:25:53 INFO   [single | 1s] run 4/30 — steps=4 solved=True (4s)
13:25:53 INFO   [single | 1s] run 5/30 — steps=5 solved=True (5s)
13:25:59 INFO   [single | 1s] run 6/30 — steps=10 solved=True (10s)
13:25:59 INFO   [single | 1s] run 7/30 — steps=7 solved=True (7s)
13:26:05 INFO   [single | 1s] run 8/30 — steps=12 solved=True (12s)
13:26:05 INFO   [single | 1s] run 9/30 — steps=9 solved=True (9s)
13:26:05 INFO   [single | 1s] run 10/30 — steps=5 solved=True (5s)
13:26:05 INFO   [single | 1s] run 11/30 — steps=2 solved=True (2s)
13:26:11 INFO   [single | 1s] run 12/30 — steps=10 solved=True (10s)
13:26:11 INFO   [single | 1s] run 13/30 — steps=2 solved=True (2s)
13:26:11 INFO   [single | 1s] run 14/30 — steps=7 solved=True (7s)
13:26:11 INFO   [single | 1s] run 15/30 — steps=7 solved=True (7s)
13:26:21 INFO   [single | 1s] run 16/30 — steps=16 solved=True (16s)
13:26:21 INFO   [single | 1s] run 17/30 — steps=5 solved=True (5s)
13:26:21 INFO   [single | 1s] run 18/30 — steps=2 solved=True (2s)
13:26:21 INFO   [single | 1s] run 19/30 — steps=4 solved=True (4s)
13:26:21 INFO   [single | 1s] run 20/30 — steps=8 solved=True (8s)
13:26:21 INFO   [single | 1s] run 21/30 — steps=5 solved=True (5s)
13:26:21 INFO   [single | 1s] run 22/30 — steps=2 solved=True (2s)
13:26:29 INFO   [single | 1s] run 23/30 — steps=12 solved=True (12s)
13:26:29 INFO   [single | 1s] run 24/30 — steps=7 solved=True (7s)
13:26:29 INFO   [single | 1s] run 25/30 — steps=8 solved=True (8s)
13:26:29 INFO   [single | 1s] run 26/30 — steps=5 solved=True (5s)
13:26:29 INFO   [single | 1s] run 27/30 — steps=2 solved=True (2s)
13:26:36 INFO   [single | 1s] run 28/30 — steps=9 solved=True (9s)
13:26:42 INFO   [single | 1s] run 29/30 — steps=14 solved=True (14s)
13:26:42 INFO   [single | 1s] run 30/30 — steps=5 solved=True (5s)
13:26:42 INFO Running scenario=single budget=20s (30 runs)...
13:28:23 INFO   [single | 20s] run 1/30 — steps=5 solved=True (100s)
13:29:03 INFO   [single | 20s] run 2/30 — steps=7 solved=True (140s)
13:29:23 INFO   [single | 20s] run 3/30 — steps=8 solved=True (160s)
13:29:23 INFO   [single | 20s] run 4/30 — steps=4 solved=True (80s)
13:29:43 INFO   [single | 20s] run 5/30 — steps=5 solved=True (100s)
13:31:43 INFO   [single | 20s] run 6/30 — steps=10 solved=True (200s)
13:31:43 INFO   [single | 20s] run 7/30 — steps=8 solved=True (160s)
13:33:24 INFO   [single | 20s] run 8/30 — steps=12 solved=True (241s)
13:33:24 INFO   [single | 20s] run 9/30 — steps=9 solved=True (180s)
13:33:24 INFO   [single | 20s] run 10/30 — steps=5 solved=True (100s)
13:33:24 INFO   [single | 20s] run 11/30 — steps=2 solved=True (40s)
13:35:03 INFO   [single | 20s] run 12/30 — steps=8 solved=True (160s)
13:35:03 INFO   [single | 20s] run 13/30 — steps=2 solved=True (40s)
13:36:04 INFO   [single | 20s] run 14/30 — steps=8 solved=True (160s)
13:37:04 INFO   [single | 20s] run 15/30 — steps=11 solved=True (221s)
13:37:04 INFO   [single | 20s] run 16/30 — steps=10 solved=True (200s)
13:37:04 INFO   [single | 20s] run 17/30 — steps=5 solved=True (100s)
13:37:04 INFO   [single | 20s] run 18/30 — steps=2 solved=True (40s)
13:38:04 INFO   [single | 20s] run 19/30 — steps=4 solved=True (80s)
13:39:24 INFO   [single | 20s] run 20/30 — steps=8 solved=True (160s)
13:39:24 INFO   [single | 20s] run 21/30 — steps=5 solved=True (100s)
13:39:24 INFO   [single | 20s] run 22/30 — steps=2 solved=True (40s)
13:41:45 INFO   [single | 20s] run 23/30 — steps=12 solved=True (241s)
13:41:45 INFO   [single | 20s] run 24/30 — steps=7 solved=True (140s)
13:41:45 INFO   [single | 20s] run 25/30 — steps=8 solved=True (160s)
13:41:45 INFO   [single | 20s] run 26/30 — steps=5 solved=True (100s)
13:41:45 INFO   [single | 20s] run 27/30 — steps=2 solved=True (40s)
13:43:44 INFO   [single | 20s] run 28/30 — steps=8 solved=True (160s)
13:44:25 INFO   [single | 20s] run 29/30 — steps=10 solved=True (200s)
13:44:25 INFO   [single | 20s] run 30/30 — steps=5 solved=True (100s)
13:44:25 INFO Running scenario=multi budget=1s (30 runs)...
13:44:46 INFO   [multi | 1s] run 1/30 — steps=20 solved=True (21s)
13:44:46 INFO   [multi | 1s] run 2/30 — steps=7 solved=True (7s)
13:44:55 INFO   [multi | 1s] run 3/30 — steps=30 solved=True (30s)
13:44:55 INFO   [multi | 1s] run 4/30 — steps=4 solved=True (4s)
13:44:55 INFO   [multi | 1s] run 5/30 — steps=7 solved=True (7s)
13:44:55 INFO   [multi | 1s] run 6/30 — steps=13 solved=True (14s)
13:44:55 INFO   [multi | 1s] run 7/30 — steps=10 solved=True (10s)
13:49:00 INFO   [multi | 1s] run 8/30 — steps=200 solved=False (254s)
13:49:00 INFO   [multi | 1s] run 9/30 — steps=7 solved=True (7s)
13:49:00 INFO   [multi | 1s] run 10/30 — steps=20 solved=True (20s)
13:49:00 INFO   [multi | 1s] run 11/30 — steps=10 solved=True (10s)
13:49:00 INFO   [multi | 1s] run 12/30 — steps=17 solved=True (17s)
13:49:00 INFO   [multi | 1s] run 13/30 — steps=7 solved=True (7s)
13:49:00 INFO   [multi | 1s] run 14/30 — steps=25 solved=True (25s)
13:49:00 INFO   [multi | 1s] run 15/30 — steps=10 solved=True (10s)
13:49:00 INFO   [multi | 1s] run 16/30 — steps=15 solved=True (15s)
13:49:00 INFO   [multi | 1s] run 17/30 — steps=6 solved=True (6s)
13:49:00 INFO   [multi | 1s] run 18/30 — steps=14 solved=True (14s)
13:49:00 INFO   [multi | 1s] run 19/30 — steps=7 solved=True (7s)
13:49:00 INFO   [multi | 1s] run 20/30 — steps=14 solved=True (15s)
13:49:00 INFO   [multi | 1s] run 21/30 — steps=5 solved=True (5s)
13:49:00 INFO   [multi | 1s] run 22/30 — steps=11 solved=True (11s)
13:49:00 INFO   [multi | 1s] run 23/30 — steps=30 solved=True (31s)
13:49:00 INFO   [multi | 1s] run 24/30 — steps=13 solved=True (13s)
13:49:00 INFO   [multi | 1s] run 25/30 — steps=23 solved=True (23s)
13:49:00 INFO   [multi | 1s] run 26/30 — steps=15 solved=True (15s)
13:49:00 INFO   [multi | 1s] run 27/30 — steps=27 solved=True (28s)
13:49:00 INFO   [multi | 1s] run 28/30 — steps=7 solved=True (7s)
13:49:00 INFO   [multi | 1s] run 29/30 — steps=9 solved=True (9s)
13:49:00 INFO   [multi | 1s] run 30/30 — steps=13 solved=True (13s)
13:49:00 INFO Running scenario=multi budget=20s (30 runs)...
13:52:01 INFO   [multi | 20s] run 1/30 — steps=9 solved=True (181s)
13:52:21 INFO   [multi | 20s] run 2/30 — steps=10 solved=True (201s)
13:53:21 INFO   [multi | 20s] run 3/30 — steps=13 solved=True (261s)
13:53:21 INFO   [multi | 20s] run 4/30 — steps=4 solved=True (80s)
13:53:21 INFO   [multi | 20s] run 5/30 — steps=5 solved=True (100s)
15:03:13 INFO   [multi | 20s] run 6/30 — steps=200 solved=False (4071s)
15:03:13 INFO   [multi | 20s] run 7/30 — steps=8 solved=True (160s)
15:03:13 INFO   [multi | 20s] run 8/30 — steps=18 solved=True (362s)
15:03:13 INFO   [multi | 20s] run 9/30 — steps=6 solved=True (120s)
15:03:13 INFO   [multi | 20s] run 10/30 — steps=9 solved=True (181s)
15:03:13 INFO   [multi | 20s] run 11/30 — steps=10 solved=True (201s)
15:03:13 INFO   [multi | 20s] run 12/30 — steps=7 solved=True (141s)
15:03:13 INFO   [multi | 20s] run 13/30 — steps=7 solved=True (141s)
15:03:13 INFO   [multi | 20s] run 14/30 — steps=7 solved=True (141s)
15:03:13 INFO   [multi | 20s] run 15/30 — steps=8 solved=True (161s)
15:03:13 INFO   [multi | 20s] run 16/30 — steps=9 solved=True (181s)
15:03:13 INFO   [multi | 20s] run 17/30 — steps=5 solved=True (100s)
15:03:13 INFO   [multi | 20s] run 18/30 — steps=10 solved=True (201s)
15:03:13 INFO   [multi | 20s] run 19/30 — steps=5 solved=True (100s)
15:03:13 INFO   [multi | 20s] run 20/30 — steps=12 solved=True (241s)
15:03:13 INFO   [multi | 20s] run 21/30 — steps=4 solved=True (80s)
15:03:13 INFO   [multi | 20s] run 22/30 — steps=8 solved=True (161s)
15:03:13 INFO   [multi | 20s] run 23/30 — steps=16 solved=True (322s)
15:03:13 INFO   [multi | 20s] run 24/30 — steps=8 solved=True (160s)
15:03:13 INFO   [multi | 20s] run 25/30 — steps=11 solved=True (221s)
15:03:13 INFO   [multi | 20s] run 26/30 — steps=8 solved=True (161s)
15:03:13 INFO   [multi | 20s] run 27/30 — steps=11 solved=True (221s)
15:03:13 INFO   [multi | 20s] run 28/30 — steps=8 solved=True (161s)
15:03:13 INFO   [multi | 20s] run 29/30 — steps=10 solved=True (201s)
15:03:13 INFO   [multi | 20s] run 30/30 — steps=12 solved=True (241s)
15:03:13 INFO 
15:03:13 INFO ====================================================================
15:03:13 INFO RESULTS SUMMARY
15:03:13 INFO ====================================================================
15:03:13 INFO Scenario     Budget       Mean steps    Std steps   Solve rate
15:03:13 INFO --------------------------------------------------------------------
15:03:13 INFO single       1s                 6.83         3.60         100%
15:03:13 INFO single       20s                6.57         3.00         100%
15:03:13 INFO multi        1s                19.87        34.23          97%
15:03:13 INFO multi        20s               15.27        34.45          97%
15:03:13 INFO ====================================================================
15:03:13 INFO Raw results written to /Users/omeraviram/Projects/planning/assignment3/RL-course/exercises/ex4/results.json
