14:21:23 INFO Config: ExperimentConfig(scenarios=['single', 'multi'], budgets=[1.0, 20.0], n_runs=30, n_particles=500, exploration_c=1.0, max_depth=60, gamma=0.99, max_steps=200, rollout_epsilon=0.2, obs_mode='egocentric', base_seed=0, jobs=4, reuse_tree=False, smart_rollout=False, preferred_actions=False)
14:21:23 INFO Running scenario=single budget=1s (30 runs)...
14:21:28 INFO   [single | 1s] run 1/30 — steps=5 solved=True (5s)
14:21:30 INFO   [single | 1s] run 2/30 — steps=7 solved=True (7s)
14:21:30 INFO   [single | 1s] run 3/30 — steps=6 solved=True (6s)
14:21:30 INFO   [single | 1s] run 4/30 — steps=4 solved=True (4s)
14:21:32 INFO   [single | 1s] run 5/30 — steps=5 solved=True (5s)
14:21:39 INFO   [single | 1s] run 6/30 — steps=11 solved=True (11s)
14:21:39 INFO   [single | 1s] run 7/30 — steps=8 solved=True (8s)
14:21:48 INFO   [single | 1s] run 8/30 — steps=18 solved=True (18s)
14:21:48 INFO   [single | 1s] run 9/30 — steps=9 solved=True (9s)
14:21:48 INFO   [single | 1s] run 10/30 — steps=5 solved=True (5s)
14:21:48 INFO   [single | 1s] run 11/30 — steps=2 solved=True (2s)
14:21:50 INFO   [single | 1s] run 12/30 — steps=9 solved=True (9s)
14:21:50 INFO   [single | 1s] run 13/30 — steps=2 solved=True (2s)
14:21:50 INFO   [single | 1s] run 14/30 — steps=7 solved=True (7s)
14:21:50 INFO   [single | 1s] run 15/30 — steps=7 solved=True (7s)
14:22:00 INFO   [single | 1s] run 16/30 — steps=12 solved=True (12s)
14:22:00 INFO   [single | 1s] run 17/30 — steps=5 solved=True (5s)
14:22:00 INFO   [single | 1s] run 18/30 — steps=2 solved=True (2s)
14:22:00 INFO   [single | 1s] run 19/30 — steps=4 solved=True (4s)
14:22:00 INFO   [single | 1s] run 20/30 — steps=8 solved=True (8s)
14:22:00 INFO   [single | 1s] run 21/30 — steps=5 solved=True (5s)
14:22:00 INFO   [single | 1s] run 22/30 — steps=2 solved=True (2s)
14:22:08 INFO   [single | 1s] run 23/30 — steps=12 solved=True (12s)
14:22:08 INFO   [single | 1s] run 24/30 — steps=7 solved=True (7s)
14:22:08 INFO   [single | 1s] run 25/30 — steps=8 solved=True (8s)
14:22:08 INFO   [single | 1s] run 26/30 — steps=5 solved=True (5s)
14:22:08 INFO   [single | 1s] run 27/30 — steps=2 solved=True (2s)
14:22:15 INFO   [single | 1s] run 28/30 — steps=9 solved=True (9s)
14:22:22 INFO   [single | 1s] run 29/30 — steps=14 solved=True (14s)
14:22:22 INFO   [single | 1s] run 30/30 — steps=5 solved=True (5s)
14:22:22 INFO Running scenario=single budget=20s (30 runs)...
14:31:45 INFO   [single | 20s] run 1/30 — steps=5 solved=True (100s)
14:32:25 INFO   [single | 20s] run 2/30 — steps=7 solved=True (140s)
14:32:45 INFO   [single | 20s] run 3/30 — steps=8 solved=True (160s)
14:32:45 INFO   [single | 20s] run 4/30 — steps=4 solved=True (80s)
14:33:05 INFO   [single | 20s] run 5/30 — steps=5 solved=True (100s)
14:35:06 INFO   [single | 20s] run 6/30 — steps=10 solved=True (200s)
14:35:06 INFO   [single | 20s] run 7/30 — steps=8 solved=True (160s)
14:36:46 INFO   [single | 20s] run 8/30 — steps=12 solved=True (241s)
14:36:46 INFO   [single | 20s] run 9/30 — steps=9 solved=True (180s)
14:36:46 INFO   [single | 20s] run 10/30 — steps=5 solved=True (100s)
14:36:46 INFO   [single | 20s] run 11/30 — steps=2 solved=True (40s)
14:38:26 INFO   [single | 20s] run 12/30 — steps=8 solved=True (160s)
14:38:26 INFO   [single | 20s] run 13/30 — steps=2 solved=True (40s)
14:39:46 INFO   [single | 20s] run 14/30 — steps=9 solved=True (180s)
14:40:26 INFO   [single | 20s] run 15/30 — steps=11 solved=True (221s)
14:40:26 INFO   [single | 20s] run 16/30 — steps=10 solved=True (200s)
14:40:26 INFO   [single | 20s] run 17/30 — steps=5 solved=True (100s)
14:40:26 INFO   [single | 20s] run 18/30 — steps=2 solved=True (40s)
14:41:26 INFO   [single | 20s] run 19/30 — steps=4 solved=True (80s)
14:59:34 INFO   [single | 20s] run 20/30 — steps=8 solved=True (160s)
14:59:34 INFO   [single | 20s] run 21/30 — steps=5 solved=True (100s)
14:59:34 INFO   [single | 20s] run 22/30 — steps=2 solved=True (40s)
15:38:12 INFO   [single | 20s] run 23/30 — steps=12 solved=True (241s)
15:38:12 INFO   [single | 20s] run 24/30 — steps=7 solved=True (140s)
15:38:12 INFO   [single | 20s] run 25/30 — steps=8 solved=True (160s)
15:38:12 INFO   [single | 20s] run 26/30 — steps=5 solved=True (100s)
15:38:12 INFO   [single | 20s] run 27/30 — steps=2 solved=True (40s)
15:40:32 INFO   [single | 20s] run 28/30 — steps=9 solved=True (180s)
15:40:52 INFO   [single | 20s] run 29/30 — steps=10 solved=True (200s)
15:40:52 INFO   [single | 20s] run 30/30 — steps=5 solved=True (100s)
15:40:52 INFO Running scenario=multi budget=1s (30 runs)...
15:41:07 INFO   [multi | 1s] run 1/30 — steps=14 solved=True (14s)
15:41:07 INFO   [multi | 1s] run 2/30 — steps=8 solved=True (8s)
15:41:19 INFO   [multi | 1s] run 3/30 — steps=26 solved=True (27s)
15:41:19 INFO   [multi | 1s] run 4/30 — steps=4 solved=True (4s)
15:41:19 INFO   [multi | 1s] run 5/30 — steps=9 solved=True (9s)
15:41:20 INFO   [multi | 1s] run 6/30 — steps=19 solved=True (19s)
15:41:24 INFO   [multi | 1s] run 7/30 — steps=18 solved=True (18s)
15:41:29 INFO   [multi | 1s] run 8/30 — steps=21 solved=True (22s)
15:41:29 INFO   [multi | 1s] run 9/30 — steps=6 solved=True (6s)
15:41:43 INFO   [multi | 1s] run 10/30 — steps=22 solved=True (22s)
15:41:43 INFO   [multi | 1s] run 11/30 — steps=10 solved=True (10s)
15:41:43 INFO   [multi | 1s] run 12/30 — steps=11 solved=True (12s)
15:41:46 INFO   [multi | 1s] run 13/30 — steps=16 solved=True (17s)
15:41:50 INFO   [multi | 1s] run 14/30 — steps=16 solved=True (16s)
15:46:03 INFO   [multi | 1s] run 15/30 — steps=200 solved=False (266s)
15:46:03 INFO   [multi | 1s] run 16/30 — steps=12 solved=True (12s)
15:46:03 INFO   [multi | 1s] run 17/30 — steps=6 solved=True (6s)
15:46:16 INFO   [multi | 1s] run 18/30 — steps=200 solved=False (266s)
15:46:16 INFO   [multi | 1s] run 19/30 — steps=4 solved=True (4s)
15:46:16 INFO   [multi | 1s] run 20/30 — steps=11 solved=True (11s)
15:46:16 INFO   [multi | 1s] run 21/30 — steps=4 solved=True (4s)
15:46:16 INFO   [multi | 1s] run 22/30 — steps=9 solved=True (9s)
15:46:16 INFO   [multi | 1s] run 23/30 — steps=23 solved=True (24s)
15:46:16 INFO   [multi | 1s] run 24/30 — steps=29 solved=True (30s)
15:46:16 INFO   [multi | 1s] run 25/30 — steps=20 solved=True (20s)
15:46:16 INFO   [multi | 1s] run 26/30 — steps=11 solved=True (11s)
15:46:16 INFO   [multi | 1s] run 27/30 — steps=22 solved=True (23s)
15:46:16 INFO   [multi | 1s] run 28/30 — steps=9 solved=True (9s)
15:46:16 INFO   [multi | 1s] run 29/30 — steps=7 solved=True (8s)
15:46:16 INFO   [multi | 1s] run 30/30 — steps=28 solved=True (29s)
15:46:16 INFO Running scenario=multi budget=20s (30 runs)...
15:49:17 INFO   [multi | 20s] run 1/30 — steps=9 solved=True (181s)
15:49:57 INFO   [multi | 20s] run 2/30 — steps=11 solved=True (221s)
15:49:57 INFO   [multi | 20s] run 3/30 — steps=6 solved=True (120s)
15:49:57 INFO   [multi | 20s] run 4/30 — steps=4 solved=True (80s)
15:49:57 INFO   [multi | 20s] run 5/30 — steps=5 solved=True (100s)
17:08:32 INFO   [multi | 20s] run 6/30 — steps=200 solved=False (4083s)
17:08:32 INFO   [multi | 20s] run 7/30 — steps=10 solved=True (201s)
17:08:32 INFO   [multi | 20s] run 8/30 — steps=22 solved=True (443s)
17:08:32 INFO   [multi | 20s] run 9/30 — steps=6 solved=True (120s)
17:08:32 INFO   [multi | 20s] run 10/30 — steps=9 solved=True (181s)
17:08:32 INFO   [multi | 20s] run 11/30 — steps=10 solved=True (201s)
17:08:32 INFO   [multi | 20s] run 12/30 — steps=7 solved=True (141s)
17:08:32 INFO   [multi | 20s] run 13/30 — steps=7 solved=True (141s)
17:08:32 INFO   [multi | 20s] run 14/30 — steps=8 solved=True (161s)
17:08:32 INFO   [multi | 20s] run 15/30 — steps=9 solved=True (181s)
17:08:32 INFO   [multi | 20s] run 16/30 — steps=7 solved=True (141s)
17:08:32 INFO   [multi | 20s] run 17/30 — steps=5 solved=True (100s)
17:08:32 INFO   [multi | 20s] run 18/30 — steps=10 solved=True (201s)
17:08:32 INFO   [multi | 20s] run 19/30 — steps=5 solved=True (100s)
17:08:32 INFO   [multi | 20s] run 20/30 — steps=11 solved=True (221s)
17:08:32 INFO   [multi | 20s] run 21/30 — steps=4 solved=True (80s)
17:08:32 INFO   [multi | 20s] run 22/30 — steps=11 solved=True (221s)
17:08:32 INFO   [multi | 20s] run 23/30 — steps=19 solved=True (382s)
17:08:32 INFO   [multi | 20s] run 24/30 — steps=9 solved=True (180s)
17:08:32 INFO   [multi | 20s] run 25/30 — steps=15 solved=True (301s)
17:08:32 INFO   [multi | 20s] run 26/30 — steps=9 solved=True (181s)
17:08:32 INFO   [multi | 20s] run 27/30 — steps=13 solved=True (262s)
17:08:32 INFO   [multi | 20s] run 28/30 — steps=9 solved=True (181s)
17:08:32 INFO   [multi | 20s] run 29/30 — steps=10 solved=True (201s)
17:08:32 INFO   [multi | 20s] run 30/30 — steps=11 solved=True (221s)
17:08:32 INFO 
17:08:32 INFO ====================================================================
17:08:32 INFO RESULTS SUMMARY
17:08:32 INFO ====================================================================
17:08:32 INFO Scenario     Budget       Mean steps    Std steps   Solve rate
17:08:32 INFO --------------------------------------------------------------------
17:08:32 INFO single       1s                 6.83         3.75         100%
17:08:32 INFO single       20s                6.63         3.04         100%
17:08:32 INFO multi        1s                26.50        46.92          93%
17:08:32 INFO multi        20s               15.70        34.45          97%
17:08:32 INFO ====================================================================
17:08:32 INFO Raw results written to exercises/ex4/sweep_baseline.json
